GBV Alerts Summary: {'today': 12, 'critical': 1, 'high': 4, 'medium': 7, 'low': 0}
Case Hash: 0x34bc21b4e7806c9463378b7142a727dceb307062c4f5157933491efb6bd2b937, Status: VERIFIED
Case Hash: 0x535635be284457d157c46b33d8aff97bdffaf6971fc52073e89d7baad43420bf, Status: FRAUD
Case Hash: 0x563c5a0d6947f53b758c77d4a993f5d3e9912672878d33b4e77f79db9285a8db, Status: PENDING
Case Hash: 0xed1d198b730bea338c25bb707b006abe50b5632209849c82b4c5d96185e7ec30, Status: VERIFIED
Case Hash: 0x375b66cf7cfbaab35eb8a784d8c1bb4456548b3ff0e4f44cd00a7c03b8aeac66, Status: VERIFIED
Case Hash: 0x28a8ecd9d256c1bf828c7f277415634bb043d53f297e172445540458c42518e5, Status: PENDING
Case Hash: 0x86ca7411c10e9fe693e6aa2669b55d37f2711d4ca5d5d2a3fe75aaa7a38bd889, Status: PENDING
Case Hash: 0x5da8b54c89a51eb71499a6a30e783608d086168d959aaee08ea8558b28953a2b, Status: PENDING
Case Hash: 0xd0eda4c63bfd45010afaed6299482927e78167411c0ee74dbd6fc63920b9f705, Status: FRAUD
Case Hash: 0x026ee78dc5f1efbc72926468c95cccef54f845fefbe1dbe52853215240eed70d, Status: FRAUD
python : E...
At line:1 char:78
+ ... t\backend"; python "c:\Users\Ngoc Tan\Downloads\blockchain-ai-project ...
+                 ~~~~~~~~~~~~~~~~~~~~~~~~~~~~~~~~~~~~~~~~~~~~~~~~~~~~~~~~~
    + CategoryInfo          : NotSpecified: (E...:String) [], RemoteException
    + FullyQualifiedErrorId : NativeCommandError
 
======================================================================
ERROR: test_dashboard_stats_isolation (__main__.BlockchainSystemTest.test_dashboard_stats_isolation)
----------------------------------------------------------------------
Traceback (most recent call last):
  File "c:\Users\Ngoc Tan\Downloads\blockchain-ai-project\backend\app\test_system_endpoints.py", line 27, in 
test_dashboard_stats_isolation
    data_gbv = resp_gbv.json()["data"]["kpis"]
               ~~~~~~~~~~~~~~~^^^^^^^^
KeyError: 'data'

----------------------------------------------------------------------
Ran 4 tests in 8.166s

FAILED (errors=1)
